2018-11-30 18:02:21.982 [main] INFO  com.sgic.leavesystem.util.Log >> ********************************************
2018-11-30 18:02:21.985 [main] INFO  com.sgic.leavesystem.util.Log >> ************** Start Test Case *************
2018-11-30 18:02:21.985 [main] INFO  com.sgic.leavesystem.util.Log >> ********************************************
2018-11-30 18:02:22.368 [main] INFO  com.sgic.leavesystem.test.LoginTest >> ********* Entered username **********
2018-11-30 18:02:22.456 [main] INFO  com.sgic.leavesystem.test.LoginTest >> ********* Entered password **********
2018-11-30 18:02:24.510 [main] INFO  com.sgic.leavesystem.test.LoginTest >> ********* Login button clicked **********
2018-11-30 18:02:27.208 [main] ERROR com.sgic.leavesystem.test.LoginTest >> Failed to find mesasge. 
Screenshot file: 2018-11-30_18:02:26.jpg
2018-11-30 18:02:27.949 [main] INFO  com.sgic.leavesystem.util.Log >> ********************************************
2018-11-30 18:02:27.949 [main] INFO  com.sgic.leavesystem.util.Log >> ************** End Test Case *************
2018-11-30 18:02:27.949 [main] INFO  com.sgic.leavesystem.util.Log >> ********************************************
2018-11-30 18:02:28.422 [main] INFO  com.sgic.leavesystem.util.Log >> ********************************************
2018-11-30 18:02:28.422 [main] INFO  com.sgic.leavesystem.util.Log >> ************** Start Test Case *************
2018-11-30 18:02:28.423 [main] INFO  com.sgic.leavesystem.util.Log >> ********************************************
2018-11-30 18:02:28.577 [main] INFO  com.sgic.leavesystem.test.LoginTest >> ********* Entered username **********
2018-11-30 18:02:28.677 [main] INFO  com.sgic.leavesystem.test.LoginTest >> ********* Entered password **********
2018-11-30 18:02:29.972 [main] INFO  com.sgic.leavesystem.test.LoginTest >> ********* Login button clicked **********
2018-11-30 18:02:32.452 [main] ERROR com.sgic.leavesystem.test.LoginTest >> Failed to find mesasge. 
Screenshot file: 2018-11-30_18:02:32.jpg
2018-11-30 18:02:33.172 [main] INFO  com.sgic.leavesystem.util.Log >> ********************************************
2018-11-30 18:02:33.172 [main] INFO  com.sgic.leavesystem.util.Log >> ************** End Test Case *************
2018-11-30 18:02:33.172 [main] INFO  com.sgic.leavesystem.util.Log >> ********************************************
2018-11-30 18:02:33.531 [main] INFO  com.sgic.leavesystem.util.Log >> ********************************************
2018-11-30 18:02:33.531 [main] INFO  com.sgic.leavesystem.util.Log >> ************** Start Test Case *************
2018-11-30 18:02:33.531 [main] INFO  com.sgic.leavesystem.util.Log >> ********************************************
2018-11-30 18:02:33.668 [main] INFO  com.sgic.leavesystem.test.LoginTest >> ********* Entered username **********
2018-11-30 18:02:33.746 [main] INFO  com.sgic.leavesystem.test.LoginTest >> ********* Entered password **********
2018-11-30 18:02:34.670 [main] INFO  com.sgic.leavesystem.test.LoginTest >> ********* Login button clicked **********
2018-11-30 18:02:35.573 [main] INFO  com.sgic.leavesystem.util.Log >> ********************************************
2018-11-30 18:02:35.573 [main] INFO  com.sgic.leavesystem.util.Log >> ************** Start Test Case *************
2018-11-30 18:02:35.574 [main] INFO  com.sgic.leavesystem.util.Log >> ********************************************
2018-11-30 18:02:35.714 [main] INFO  com.sgic.leavesystem.test.LoginTest >> ********* Entered username **********
2018-11-30 18:02:35.793 [main] INFO  com.sgic.leavesystem.test.LoginTest >> ********* Entered password **********
2018-11-30 18:02:36.472 [main] INFO  com.sgic.leavesystem.test.LoginTest >> ********* Login button clicked **********
